apps {
  key: "MyApp"
  value {
    name {
      part: "MyApp"
    }
    endpoints {
      key: "* "
      value {
        name: "* "
        stmt {
          call {
            target {
              part: "ThatApp"
            }
            endpoint: "foo"
          }
          attrs {
            key: "patterns"
            value {
              a {
                elt {
                  s: "abc"
                }
              }
            }
          }
        }
      }
    }
    endpoints {
      key: "ep1"
      value {
        name: "ep1"
        stmt {
          call {
            target {
              part: "ThatApp"
            }
            endpoint: "foo"
          }
          attrs {
            key: "patterns"
            value {
              a {
                elt {
                  s: "abc"
                }
              }
            }
          }
        }
      }
    }
    endpoints {
      key: "ep2"
      value {
        name: "ep2"
        stmt {
          call {
            target {
              part: "ThatApp"
            }
            endpoint: "foo"
          }
          attrs {
            key: "patterns"
            value {
              a {
                elt {
                  s: "abc"
                }
              }
            }
          }
        }
      }
    }
    endpoints {
      key: "ep3"
      value {
        name: "ep3"
        stmt {
          call {
            target {
              part: "ThatApp"
            }
            endpoint: "bar"
          }
        }
      }
    }
  }
}
apps {
  key: "ThatApp"
  value {
    name {
      part: "ThatApp"
    }
    endpoints {
      key: "bar"
      value {
        name: "bar"
        stmt {
          action {
            action: "..."
          }
        }
      }
    }
    endpoints {
      key: "foo"
      value {
        name: "foo"
        stmt {
          action {
            action: "..."
          }
        }
      }
    }
  }
}
