UserFacade.java
UserFacadeJsonDeserializer.java
UserFacadeJsonSerializer.java
UserFacadeXmlDeserializer.java
UserFacadeXmlSerializer.java
