Address.java
UserAddressRel.java
UserModel.java
UserModelException.java
UserModelJsonDeserializer.java
UserModelJsonSerializer.java
UserModelXmlDeserializer.java
UserModelXmlSerializer.java
Users.java
