Address.java
BuyItemFormComplex.java
CustomerType.java
Email.java
UserFormComplex.java
UserFormComplexException.java
UserFormComplexJsonDeserializer.java
UserFormComplexJsonSerializer.java
UserFormComplexXmlDeserializer.java
UserFormComplexXmlSerializer.java
