{
 "apps": {
  "Client": {
   "name": {
    "part": [
     "Client"
    ]
   },
   "endpoints": {
    "OnClick": {
     "name": "OnClick",
     "param": [
      {
       "name": "arg1",
       "type": {
        "typeRef": {
         "ref": {
          "path": [
           "type1"
          ]
         }
        }
       }
      },
      {
       "name": "arg2",
       "type": {
        "typeRef": {
         "ref": {
          "path": [
           "type2"
          ]
         }
        }
       }
      }
     ],
     "stmt": [
      {
       "call": {
        "target": {
         "part": [
          "Server"
         ]
        },
        "endpoint": "Endpoint",
        "arg": [
         {
          "name": "id"
         }
        ]
       },
       "attrs": {
        "patterns": {
         "a": {
          "elt": [
           {
            "s": "https"
           },
           {
            "s": "soap"
           }
          ]
         }
        }
       },
       "sourceContext": {
        "file": "args.sysl",
        "start": {
         "line": 13,
         "col": 8
        },
        "end": {
         "line": 13,
         "col": 30
        }
       },
       "sourceContexts": [
        {
         "file": "args.sysl",
         "start": {
          "line": 13,
          "col": 8
         },
         "end": {
          "line": 13,
          "col": 30
         }
        }
       ]
      },
      {
       "call": {
        "target": {
         "part": [
          "Server"
         ]
        },
        "endpoint": "PUT /foo/"
       },
       "sourceContext": {
        "file": "args.sysl",
        "start": {
         "line": 14,
         "col": 8
        },
        "end": {
         "line": 14,
         "col": 18
        }
       },
       "sourceContexts": [
        {
         "file": "args.sysl",
         "start": {
          "line": 14,
          "col": 8
         },
         "end": {
          "line": 14,
          "col": 18
         }
        }
       ]
      },
      {
       "call": {
        "target": {
         "part": [
          "Server"
         ]
        },
        "endpoint": "PUT /foo",
        "arg": [
         {
          "name": "bar"
         }
        ]
       },
       "sourceContext": {
        "file": "args.sysl",
        "start": {
         "line": 15,
         "col": 8
        },
        "end": {
         "line": 15,
         "col": 31
        }
       },
       "sourceContexts": [
        {
         "file": "args.sysl",
         "start": {
          "line": 15,
          "col": 8
         },
         "end": {
          "line": 15,
          "col": 31
         }
        }
       ]
      },
      {
       "call": {
        "target": {
         "part": [
          "Server"
         ]
        },
        "endpoint": "PUT /foo",
        "arg": [
         {
          "name": "bar <: String"
         }
        ]
       },
       "sourceContext": {
        "file": "args.sysl",
        "start": {
         "line": 16,
         "col": 8
        },
        "end": {
         "line": 16,
         "col": 41
        }
       },
       "sourceContexts": [
        {
         "file": "args.sysl",
         "start": {
          "line": 16,
          "col": 8
         },
         "end": {
          "line": 16,
          "col": 41
         }
        }
       ]
      }
     ],
     "sourceContext": {
      "file": "args.sysl",
      "start": {
       "line": 12,
       "col": 4
      },
      "end": {
       "line": 17
      }
     },
     "sourceContexts": [
      {
       "file": "args.sysl",
       "start": {
        "line": 12,
        "col": 4
       },
       "end": {
        "line": 17
       }
      }
     ]
    }
   },
   "sourceContext": {
    "file": "args.sysl",
    "start": {
     "line": 11,
     "col": 1
    },
    "end": {
     "line": 11
    }
   },
   "sourceContexts": [
    {
     "file": "args.sysl",
     "start": {
      "line": 11,
      "col": 1
     },
     "end": {
      "line": 11
     }
    }
   ]
  },
  "Server": {
   "name": {
    "part": [
     "Server"
    ]
   },
   "endpoints": {
    "Endpoint": {
     "name": "Endpoint",
     "stmt": [
      {
       "action": {
        "action": "..."
       },
       "sourceContext": {
        "file": "args.sysl",
        "start": {
         "line": 3,
         "col": 8
        },
        "end": {
         "line": 3,
         "col": 8
        }
       },
       "sourceContexts": [
        {
         "file": "args.sysl",
         "start": {
          "line": 3,
          "col": 8
         },
         "end": {
          "line": 3,
          "col": 8
         }
        }
       ]
      }
     ],
     "sourceContext": {
      "file": "args.sysl",
      "start": {
       "line": 2,
       "col": 4
      },
      "end": {
       "line": 5,
       "col": 4
      }
     },
     "sourceContexts": [
      {
       "file": "args.sysl",
       "start": {
        "line": 2,
        "col": 4
       },
       "end": {
        "line": 5,
        "col": 4
       }
      }
     ]
    },
    "PUT /foo": {
     "name": "PUT /foo",
     "attrs": {
      "patterns": {
       "a": {
        "elt": [
         {
          "s": "rest"
         }
        ]
       }
      }
     },
     "stmt": [
      {
       "action": {
        "action": "..."
       },
       "sourceContext": {
        "file": "args.sysl",
        "start": {
         "line": 7,
         "col": 12
        },
        "end": {
         "line": 7,
         "col": 12
        }
       },
       "sourceContexts": [
        {
         "file": "args.sysl",
         "start": {
          "line": 7,
          "col": 12
         },
         "end": {
          "line": 7,
          "col": 12
         }
        }
       ]
      }
     ],
     "restParams": {
      "method": "PUT",
      "path": "/foo"
     },
     "sourceContext": {
      "file": "args.sysl",
      "start": {
       "line": 6,
       "col": 8
      },
      "end": {
       "line": 8,
       "col": 8
      }
     },
     "sourceContexts": [
      {
       "file": "args.sysl",
       "start": {
        "line": 6,
        "col": 8
       },
       "end": {
        "line": 8,
        "col": 8
       }
      }
     ]
    },
    "PUT /foo/": {
     "name": "PUT /foo/",
     "attrs": {
      "patterns": {
       "a": {
        "elt": [
         {
          "s": "rest"
         }
        ]
       }
      }
     },
     "stmt": [
      {
       "action": {
        "action": "..."
       },
       "sourceContext": {
        "file": "args.sysl",
        "start": {
         "line": 10,
         "col": 16
        },
        "end": {
         "line": 10,
         "col": 16
        }
       },
       "sourceContexts": [
        {
         "file": "args.sysl",
         "start": {
          "line": 10,
          "col": 16
         },
         "end": {
          "line": 10,
          "col": 16
         }
        }
       ]
      }
     ],
     "restParams": {
      "method": "PUT",
      "path": "/foo/"
     },
     "sourceContext": {
      "file": "args.sysl",
      "start": {
       "line": 9,
       "col": 12
      },
      "end": {
       "line": 11,
       "col": 6
      }
     },
     "sourceContexts": [
      {
       "file": "args.sysl",
       "start": {
        "line": 9,
        "col": 12
       },
       "end": {
        "line": 11,
        "col": 6
       }
      }
     ]
    }
   },
   "sourceContext": {
    "file": "args.sysl",
    "start": {
     "line": 1,
     "col": 1
    },
    "end": {
     "line": 1
    }
   },
   "sourceContexts": [
    {
     "file": "args.sysl",
     "start": {
      "line": 1,
      "col": 1
     },
     "end": {
      "line": 1
     }
    }
   ]
  }
 }
}