{
 "apps": {
  "Foo :: Bar": {
   "name": {
    "part": [
     "Foo",
     "Bar"
    ]
   },
   "endpoints": {
    "DELETE /user": {
     "name": "DELETE /user",
     "attrs": {
      "action": {
       "s": "Delete user"
      },
      "patterns": {
       "a": {
        "elt": [
         {
          "s": "rest"
         }
        ]
       }
      }
     },
     "stmt": [
      {
       "ret": {
        "payload": "ok <: string"
       },
       "sourceContext": {
        "file": "dev/sysl/tests/file_merge.sysl",
        "start": {
         "line": 11,
         "col": 12
        },
        "end": {
         "line": 11,
         "col": 18
        }
       },
       "sourceContexts": [
        {
         "file": "dev/sysl/tests/file_merge.sysl",
         "start": {
          "line": 11,
          "col": 12
         },
         "end": {
          "line": 11,
          "col": 18
         }
        }
       ]
      }
     ],
     "restParams": {
      "method": "DELETE",
      "path": "/user"
     },
     "sourceContext": {
      "file": "dev/sysl/tests/file_merge.sysl",
      "start": {
       "line": 9,
       "col": 8
      },
      "end": {
       "line": 12,
       "col": 8
      }
     },
     "sourceContexts": [
      {
       "file": "dev/sysl/tests/file_merge.sysl",
       "start": {
        "line": 9,
        "col": 8
       },
       "end": {
        "line": 12,
        "col": 8
       }
      }
     ]
    },
    "GET /user": {
     "name": "GET /user",
     "attrs": {
      "action": {
       "s": "Get user"
      },
      "patterns": {
       "a": {
        "elt": [
         {
          "s": "rest"
         }
        ]
       }
      }
     },
     "stmt": [
      {
       "ret": {
        "payload": "ok <: string"
       },
       "sourceContext": {
        "file": "dev/sysl/tests/file_merge_import.sysl",
        "start": {
         "line": 11,
         "col": 12
        },
        "end": {
         "line": 11,
         "col": 18
        }
       },
       "sourceContexts": [
        {
         "file": "dev/sysl/tests/file_merge_import.sysl",
         "start": {
          "line": 11,
          "col": 12
         },
         "end": {
          "line": 11,
          "col": 18
         }
        }
       ]
      }
     ],
     "restParams": {
      "method": "GET",
      "path": "/user"
     },
     "sourceContext": {
      "file": "dev/sysl/tests/file_merge_import.sysl",
      "start": {
       "line": 9,
       "col": 8
      },
      "end": {
       "line": 13,
       "col": 4
      }
     },
     "sourceContexts": [
      {
       "file": "dev/sysl/tests/file_merge_import.sysl",
       "start": {
        "line": 9,
        "col": 8
       },
       "end": {
        "line": 13,
        "col": 4
       }
      }
     ]
    },
    "POST /user": {
     "name": "POST /user",
     "attrs": {
      "action": {
       "s": "Add user"
      },
      "patterns": {
       "a": {
        "elt": [
         {
          "s": "rest"
         },
         {
          "s": "rest"
         }
        ]
       }
      }
     },
     "stmt": [
      {
       "ret": {
        "payload": "error <: string"
       },
       "sourceContext": {
        "file": "dev/sysl/tests/file_merge.sysl",
        "start": {
         "line": 14,
         "col": 12
        },
        "end": {
         "line": 14,
         "col": 18
        }
       },
       "sourceContexts": [
        {
         "file": "dev/sysl/tests/file_merge.sysl",
         "start": {
          "line": 14,
          "col": 12
         },
         "end": {
          "line": 14,
          "col": 18
         }
        }
       ]
      },
      {
       "ret": {
        "payload": "ok <: string"
       },
       "sourceContext": {
        "file": "dev/sysl/tests/file_merge_import.sysl",
        "start": {
         "line": 8,
         "col": 12
        },
        "end": {
         "line": 8,
         "col": 18
        }
       },
       "sourceContexts": [
        {
         "file": "dev/sysl/tests/file_merge_import.sysl",
         "start": {
          "line": 8,
          "col": 12
         },
         "end": {
          "line": 8,
          "col": 18
         }
        }
       ]
      }
     ],
     "restParams": {
      "method": "POST",
      "path": "/user"
     },
     "sourceContext": {
      "file": "dev/sysl/tests/file_merge_import.sysl",
      "start": {
       "line": 6,
       "col": 8
      },
      "end": {
       "line": 9,
       "col": 8
      }
     },
     "sourceContexts": [
      {
       "file": "dev/sysl/tests/file_merge.sysl",
       "start": {
        "line": 12,
        "col": 8
       },
       "end": {
        "line": 16,
        "col": 4
       }
      },
      {
       "file": "dev/sysl/tests/file_merge_import.sysl",
       "start": {
        "line": 6,
        "col": 8
       },
       "end": {
        "line": 9,
        "col": 8
       }
      }
     ]
    }
   },
   "types": {
    "Profile": {
     "tuple": {
      "attrDefs": {
       "Desc": {
        "primitive": "STRING",
        "attrs": {
         "tag1": {
          "s": "tag1"
         }
        },
        "sourceContext": {
         "file": "dev/sysl/tests/file_merge.sysl",
         "start": {
          "line": 21,
          "col": 8
         },
         "end": {
          "line": 23
         }
        },
        "sourceContexts": [
         {
          "file": "dev/sysl/tests/file_merge.sysl",
          "start": {
           "line": 21,
           "col": 8
          },
          "end": {
           "line": 23
          }
         }
        ]
       },
       "ID": {
        "primitive": "STRING",
        "sourceContext": {
         "file": "dev/sysl/tests/file_merge_import.sysl",
         "start": {
          "line": 14,
          "col": 8
         },
         "end": {
          "line": 14,
          "col": 14
         }
        },
        "sourceContexts": [
         {
          "file": "dev/sysl/tests/file_merge_import.sysl",
          "start": {
           "line": 14,
           "col": 8
          },
          "end": {
           "line": 14,
           "col": 14
          }
         }
        ]
       },
       "Name": {
        "primitive": "STRING",
        "attrs": {
         "tag1": {
          "s": "tag1"
         },
         "tag2": {
          "s": "tag2"
         }
        },
        "sourceContext": {
         "file": "dev/sysl/tests/file_merge_import.sysl",
         "start": {
          "line": 15,
          "col": 8
         },
         "end": {
          "line": 17
         }
        },
        "sourceContexts": [
         {
          "file": "dev/sysl/tests/file_merge.sysl",
          "start": {
           "line": 17,
           "col": 8
          },
          "end": {
           "line": 20,
           "col": 4
          }
         },
         {
          "file": "dev/sysl/tests/file_merge_import.sysl",
          "start": {
           "line": 15,
           "col": 8
          },
          "end": {
           "line": 17
          }
         }
        ]
       }
      }
     },
     "sourceContext": {
      "file": "dev/sysl/tests/file_merge_import.sysl",
      "start": {
       "line": 13,
       "col": 4
      },
      "end": {
       "line": 17
      }
     },
     "sourceContexts": [
      {
       "file": "dev/sysl/tests/file_merge.sysl",
       "start": {
        "line": 16,
        "col": 4
       },
       "end": {
        "line": 20,
        "col": 4
       }
      },
      {
       "file": "dev/sysl/tests/file_merge.sysl",
       "start": {
        "line": 20,
        "col": 4
       },
       "end": {
        "line": 23
       }
      },
      {
       "file": "dev/sysl/tests/file_merge_import.sysl",
       "start": {
        "line": 13,
        "col": 4
       },
       "end": {
        "line": 17
       }
      }
     ]
    },
    "User": {
     "tuple": {
      "attrDefs": {
       "Id": {
        "primitive": "STRING",
        "sourceContext": {
         "file": "dev/sysl/tests/file_merge_import.sysl",
         "start": {
          "line": 3,
          "col": 8
         },
         "end": {
          "line": 3,
          "col": 14
         }
        },
        "sourceContexts": [
         {
          "file": "dev/sysl/tests/file_merge_import.sysl",
          "start": {
           "line": 3,
           "col": 8
          },
          "end": {
           "line": 3,
           "col": 14
          }
         }
        ]
       },
       "Name": {
        "primitive": "STRING",
        "sourceContext": {
         "file": "dev/sysl/tests/file_merge.sysl",
         "start": {
          "line": 5,
          "col": 8
         },
         "end": {
          "line": 5,
          "col": 16
         }
        },
        "sourceContexts": [
         {
          "file": "dev/sysl/tests/file_merge.sysl",
          "start": {
           "line": 5,
           "col": 8
          },
          "end": {
           "line": 5,
           "col": 16
          }
         }
        ]
       }
      }
     },
     "sourceContext": {
      "file": "dev/sysl/tests/file_merge_import.sysl",
      "start": {
       "line": 2,
       "col": 4
      },
      "end": {
       "line": 3,
       "col": 14
      }
     },
     "sourceContexts": [
      {
       "file": "dev/sysl/tests/file_merge.sysl",
       "start": {
        "line": 4,
        "col": 4
       },
       "end": {
        "line": 5,
        "col": 16
       }
      },
      {
       "file": "dev/sysl/tests/file_merge_import.sysl",
       "start": {
        "line": 2,
        "col": 4
       },
       "end": {
        "line": 3,
        "col": 14
       }
      }
     ]
    }
   },
   "sourceContext": {
    "file": "dev/sysl/tests/file_merge_import.sysl",
    "start": {
     "line": 1
    },
    "end": {
     "line": 17
    }
   },
   "sourceContexts": [
    {
     "file": "dev/sysl/tests/file_merge.sysl",
     "start": {
      "line": 3
     },
     "end": {
      "line": 23
     }
    },
    {
     "file": "dev/sysl/tests/file_merge_import.sysl",
     "start": {
      "line": 1
     },
     "end": {
      "line": 17
     }
    }
   ]
  }
 }
}