-- rFunc-rename --
renaming "sFunc" to "rFunc" not possible because "github.com/anz-bank/sysl/internal/lsp/rename/bad" has errors
